GDTEST_OK
Test range.
2.0 2.0
3.0 3.0
4.0 4.0
Test int.
0.0 0.0
1.0 1.0
2.0 2.0
Test untyped int array.
10.0 10.0
20.0 20.0
30.0 30.0
Test typed int array.
10.0 10.0
20.0 20.0
30.0 30.0
Test String-keys dictionary.
&"a" &"a"
&"b" &"b"
&"c" &"c"
Test RefCounted-keys dictionary.
RefCounted RefCounted
Resource Resource
ConfigFile ConfigFile
